\BOOKMARK [2][]{Outline0.1}{\376\377\000W\000h\000y\000\040\000t\000h\000e\000\040\000S\000-\000m\000a\000t\000r\000i\000x\000\040\000i\000s\000\040\000s\000o\000\040\000i\000m\000p\000o\000r\000t\000a\000n\000t\000?}{}% 1
\BOOKMARK [2][]{Outline0.2}{\376\377\000C\000H\000Y\000\040\000F\000o\000r\000m\000u\000l\000a}{}% 2
\BOOKMARK [2][]{Outline0.3}{\376\377\000S\000u\000m\000m\000a\000r\000y\000\040\000a\000n\000d\000\040\000O\000u\000t\000l\000o\000o\000k}{}% 3
\BOOKMARK [2][]{Outline0.4}{\376\377\000A\000p\000p\000e\000n\000d\000i\000x}{}% 4
\BOOKMARK [1][]{Outline1}{\376\377\000A\000p\000p\000e\000n\000d\000i\000x}{}% 5
